// Jest Snapshot v1, https://goo.gl/fbAQLP

exports[`Telephony makes a phone call using the Twilio datasource 1`] = `
{
  "kind": "single",
  "singleResult": {
    "data": {
      "sendMessage": {
        "code": "200",
        "sid": "sid",
        "success": true,
      },
    },
    "errors": undefined,
  },
}
`;
